https://sso.sbis.ru/auth-online/?ret=online.sbis.ru/
https://www.sberbank.ru/ru/person
https://i.lockobank.ru/Entry/Login/
https://www.kuzbank.ru/
https://my.modulbank.ru/
https://ib.gebank.ru/login
https://www.united.ru/
https://gebank.ru/
https://portal.kuzbank.ru/auth/login
https://modulbank.ru/
https://koshelev-bank.ru/
https://ibank2.lanta.ru/ibank2/#/
https://www.lanta.ru/business/
https://www.moskb.ru/
https://www.promtransbank.ru/
https://bankvl.ru/
https://www.vlbb.ru/
https://solidbank.ru/
https://www.bancaintesa.ru/
https://www.vtb.ru/
https://msponline.mspbank.ru/rbr_wr/
https://www.nico-bank.ru/
https://online.vtb.ru/login
https://pskb.com/
https://online.siab.ru/
https://www.energotransbank.com/
https://siab.ru/
https://ibank.nskbl.ru/
https://ib2.psbank.ru/login
https://www.psbank.ru/
https://lk.nskbl.ru/
https://www.nskbl.ru/private/
https://business.psbank.ru/
https://dbo.bankkaluga.ru/v21/s/bsi.dll
https://ibank2.pskb.com/ibank2/
https://banksaratov.ru
https://slbank.ru/
https://maritimebank.com/
https://corporate.psbank.ru/
https://www.coalmetbank.ru/
https://bca.umbank.ru/auth/login
https://www.sngb.ru
https://www.sngb.ru/
https://www.ibam.ru/
https://ibank.akibank.ru/ibank2/
https://lk.bcs.ru/
https://skbbank.ru/chastnym-licam
https://www.gaztransbank.ru/
https://ibank2.metcom.ru/ibank2/
https://www.akibank.ru/
https://www.dalenabank.ru/
https://online.novobank.ru/auth/login
https://ib.skbbank.ru/login
https://i.metcom.ru/client/
https://ibank2.novobank.ru/ibank2/
https://dbo.dalenabank.ru/ibank2/
https://alfabank.ru/get-money/credit/calculator/
https://ib.open.ru/webbank/
https://cb.open.ru/login
https://bp.open.ru/login
https://www.bspb.ru/retail/consumer-loan/cash/
https://my.pochtabank.ru/login?next=%2F
https://www.ubrr.ru/
https://www.minbank.ru/info/business/
https://i.zenit.ru/login?next=/
https://ibank.transcapital.com
https://online.cetelem.ru/login.jsp
https://ibc.vuzbank.ru/ru/html/login.html
https://www.vuzbank.ru/chastnym-klientam/kredity
https://bank.bcs.ru/business
https://solid.ru/business/rko/index.php
https://bank.solid.ru/ibank2/
https://credits.lockobank.ru
https://www.aresbank.ru/credit/
https://private.akbars.ru/
https://www.pochtabank.ru/
https://balance.faktura.ru/auth/realms/mdse/
https://ikanobank.ru/
https://www.gorbank.spb.ru/
https://ib.gorbank.spb.ru/
https://online.gorbank.spb.ru/
https://dbo.uralfd.ru/
https://client.ndb24.ru/
https://ibank.bankd.ru/
https://investpay.ru
https://www.rusprofile.ru
https://ecom.rsb.ru/
https://ibank2.rostfinance.ru/ibank2/
https://nsbank.ru
https://b2b.nsbank.ru/
https://spsc.ru
https://www.rostfinance.ru
https://bcspremier.ru
https://eleksir.finance
https://www.raexpert.ru
https://www.vl.ru
https://www.moscombank.ru
https://www.tenderbank.ru
https://www.kremlinbank.ru
https://rusfincorp.ru
https://sinko-bank.ru
https://www.ssb.msk.ru
https://www.kubank.ru
https://mcc.elecsnet.ru
https://www.balakovo-bank.ru
https://www.derzhava.ru
https://www.zhivagobank.ru
https://kb-tub.ru
https://m.bspb.ru
https://dtb1.ru
https://www.inkakhran.ru
https://iturupbank.ru
https://www.round.ru
https://www.eco-invest.ru
https://www.transstroybank.ru
https://rnko-kholmsk.ru
https://www.pscb.ru
https://pscb.ru
https://www.bankrmp.ru
https://www.belsocbank.ru
https://brobank.ru
https://derzhava.online/Account/LogOn?ReturnUrl=%2f
https://bcs-bank.com
https://pay.uralprombank.ru/RegistrationUser.aspx
https://rnko.ru/individualcards/services
https://card2card.intervale.ru/olabank/
https://perevedi.me/
https://online.payment.ru/index0.html
https://sber.ru/bank/
https://www.bankodrom.ru/banki-rossii/
https://www.gazprombank.ru/full/loan-consumer/lite-credit
https://www.banki.ru/products/credits/?source=submenu_credits
https://www.rshb.ru
https://pro.rosbank.ru/ibankvue/
https://www.bankline.ru/ibc/ru/login
https://mkb.ru/
https://ibank.mrb-bank.ru/ibank2/
https://online.mkb.ru/
https://www.uralsib.ru/
https://halvacard.ru/lk
https://yoomoney.ru/transfer
https://sovcombank.ru/
https://pay.mkb.ru/
https://www.tinkoff.ru/business/
https://abr.ru/
https://i2.abr.ru/account/login
https://ibank.abr.ru/
https://online.abr.ru/ru/html/login.html
https://online.sovcombank.ru/
https://www.vbrr.ru/
https://bank-peresvet.ru/
https://online.rsb.ru/
https://imperia.rsb.ru/
https://www.rsb.ru/
https://lk.abr.ru/
https://www.zenit.ru/
https://www.tkbbank.ru/
https://rn-bank.ru/
https://online.rn-bank.ru
https://banksoyuz.ru
https://www.finsb.ru/business/service/rko/
https://business.rsb.ru/
https://ibank.finsb.ru/ibank2/
https://ndb24.ru
https://mcbank.ru
https://battlepass.uralsib.ru/
https://ibank.mcbank.ru/ibank2/
https://bankffin.ru
https://online.131.ru/
https://1.elecsnet.ru
https://www.venets-bank.ru
https://www.mtsbank.ru/
https://131.ru
https://norvikbank.ru/
http://donkombank.ru
https://creditter.ru/
https://partner.creditter.ru/login
https://microklad.ru/
https://platiza.ru/
https://vsegdazaem.ru/
https://colibridengi.ru/
https://apollon-zaym.ru/
https://www.boostra.ru/
https://pliskov.ru/
https://dozarplati.com/
https://cashtoyou.ru/
https://www.otpfinance.ru/
https://credeo.ru/
https://kredito24.ru/
https://lk.kredito24.ru/
https://paylate.ru/
https://vdplatinum.ru/
https://plat.polza-finans.ru/
https://moneykapital.ru/
https://migcredit.ru/
https://smartstart24.ru/
https://oneclickmoney.ru/
https://greenmoney.ru/
https://lk.denga.ru/
https://denga.ru/
https://fastmoney.ru/
https://gosotdelenie.ru/
https://vashinvestor.ru/
https://lk.vashinvestor.ru/login
https://dengisrazy.ru/
https://lk.asiacredit.ru/auth
https://ooo-dvk.ru/
https://lk.ebabos.ru/servis-nedostupen
https://max.credit/
https://denginadom.ru/
https://smartcash.ru/
https://fanmoney.ru/
https://avto-kapital.ru/
https://zaimon.ru/
https://ib.bbr.ru/ibank2/
https://www.vfbank.ru/fizicheskim-licam/vklady/
https://www.apkbank.ru/ru/chelyabinsk/services/individuals/cards/
https://profit.uralsib.ru/
https://finza.ru/
https://dobrozaim.ru/
https://www.vivadengi.ru/
https://web-zaim.ru/
https://cabinet.vivadengi.ru/
https://carmoney.ru/
https://login.carmoney.ru/
https://inst.papa-zaim.ru/form/auth.php
https://cabinet.lime-zaim.ru/login
https://www.lime-zaim.ru/
https://moneyman.ru/private-area/login
https://cabinet.konga.ru/login
https://www.konga.ru/
https://raketa-dengi.ru/
https://finfive.ru/
https://zzmo.ru/
https://autocash.ru/
https://xn--80acmlhv0b.xn--80anhm9e.xn--p1ai/login
https://xn--80anhm9e.xn--p1ai/
https://kupi-ne-kopi.com/customers/pay.php
https://xn--80aayogvhn.xn--p1ai/
https://xn--80ajiuqaln.xn--p1ai/
https://xn--j1ab.xn--80ajiuqaln.xn--p1ai/login
https://zaymigo.com/
https://kangaria.ru/
https://nadodeneg.ru/
https://www.zaymer.ru/
https://creditsmile.ru/
https://belkacredit.ru/
