https://v1.ru/
https://ya62.ru/
https://www.rossiya-airlines.com/
https://avia.gazprom.ru/
https://nordwindairlines.ru/ru
https://pegasfly.com/ru
https://www.alrosa.aero/
http://www.krasaviaport.ru/
http://www.avianadym.ru/
https://airportus.ru/
http://nalchik-airport.ru/
http://airshd.ru/
https://www.ap22.ru/
https://1line.info/
https://www.bankfax.ru/
https://tolknews.ru/
https://prufy.ru/
https://www.infpol.ru/
https://www.riakchr.ru/
https://www.bnkomi.ru/
https://gubdaily.ru/
https://komiinform.ru/
https://yocity12.com/news/
https://www.marpravda.ru/
https://www.gtrkmariel.ru/
https://asn24.ru/
https://ampravda.ru/
https://region29.ru/
https://vdvsn.ru/
https://klintsy.info/
https://newsbryansk.ru/
https://tomiks33.ru/
https://progorod33.ru/
https://riac34.ru/
https://bloknot-volgograd.ru/
https://os34.ru/
https://newsvladimir.ru/
https://vologda-poisk.ru/
http://vologdaregion.ru/
https://onlinevologda.ru/
http://cher-is.com/
https://volgograd-trv.ru/
https://superomsk.ru/
http://omskregion.info/
https://newsomsk.ru/
https://bk55.ru/
https://ngs55.ru/
https://newsorel.ru/
https://penzavzglyad.ru/
https://gorodn.ru/
https://bloknot-rostov.ru/
https://161.ru/
https://63.ru/
https://wolsk.ru/
https://sarinform.ru/
